// Jest Snapshot v1, https://goo.gl/fbAQLP

exports[`Page Heading Component PageHeading override 1`] = `
<div
  data-testid="override"
>
  ov
</div>
`;
